// Jest Snapshot v1, https://goo.gl/fbAQLP

exports[`DineroInput renders correctly 1`] = `
<TextInput
  keyboardType="numeric"
  onChangeText={[Function]}
  placeholder="0.00"
  placeholderTextColor="#666"
  style={
    [
      {
        "backgroundColor": "#fff",
        "borderColor": "hsl(0 0% 70%)",
        "borderRadius": 4,
        "borderWidth": 1,
        "height": 45,
        "padding": 10,
      },
      undefined,
    ]
  }
  testID="float-input"
  value="10"
/>
`;
