// Jest Snapshot v1, https://goo.gl/fbAQLP

exports[`FAB renders correctly 1`] = `
<View
  style={
    {
      "bottom": 20,
      "position": "absolute",
      "right": 8,
      "zIndex": 100,
    }
  }
>
  <View
    accessibilityState={
      {
        "busy": undefined,
        "checked": undefined,
        "disabled": undefined,
        "expanded": undefined,
        "selected": undefined,
      }
    }
    accessibilityValue={
      {
        "max": undefined,
        "min": undefined,
        "now": undefined,
        "text": undefined,
      }
    }
    accessible={true}
    collapsable={false}
    focusable={true}
    onBlur={[Function]}
    onClick={[Function]}
    onFocus={[Function]}
    onResponderGrant={[Function]}
    onResponderMove={[Function]}
    onResponderRelease={[Function]}
    onResponderTerminate={[Function]}
    onResponderTerminationRequest={[Function]}
    onStartShouldSetResponder={[Function]}
    style={
      [
        {
          "backgroundColor": "hsl(200 40% 50%)",
          "borderRadius": 16,
          "elevation": 2,
          "padding": 16,
          "shadowColor": "black",
        },
        {
          "overflow": "hidden",
        },
      ]
    }
    testID="fab-button"
  >
    <Text>
      +
    </Text>
  </View>
</View>
`;
