// Jest Snapshot v1, https://goo.gl/fbAQLP

exports[`Label renders correctly 1`] = `
<Text
  style={
    [
      {
        "fontSize": 16,
        "fontWeight": "500",
        "lineHeight": 24,
      },
      [
        {
          "marginBottom": 2,
          "textTransform": "uppercase",
        },
        undefined,
      ],
    ]
  }
>
  Test Label
</Text>
`;
