// Jest Snapshot v1, https://goo.gl/fbAQLP

exports[`Picker renders correctly 1`] = `
<View>
  <Text
    style={
      [
        {
          "fontSize": 16,
          "fontWeight": "400",
          "lineHeight": 24,
        },
        {
          "marginBottom": 4,
        },
      ]
    }
  >
    Test Label
  </Text>
  <View
    style={
      {
        "backgroundColor": "white",
        "borderColor": "hsl(0 0% 70%)",
        "borderRadius": 4,
        "borderStyle": "solid",
        "borderWidth": 1,
      }
    }
  >
    <View
      style={
        {
          "marginBottom": -5,
          "marginTop": -5,
          "padding": 0,
        }
      }
    >
      <RNCPicker
        accessibilityLabel="Test Label"
        items={
          [
            {
              "label": "Option 1",
              "testID": undefined,
              "textColor": undefined,
              "value": "option1",
            },
            {
              "label": "Option 2",
              "testID": undefined,
              "textColor": undefined,
              "value": "option2",
            },
          ]
        }
        numberOfLines={1}
        onChange={[Function]}
        selectedIndex={0}
        style={
          [
            {
              "height": 216,
            },
            undefined,
          ]
        }
        testID="picker"
      />
    </View>
  </View>
</View>
`;
