// Jest Snapshot v1, https://goo.gl/fbAQLP

exports[`EqualSplit EqualSplitInput renders correctly 1`] = `
<View
  style={
    [
      {
        "gap": 1,
      },
      undefined,
    ]
  }
>
  <View
    style={
      {
        "alignItems": "center",
        "backgroundColor": "white",
        "borderBottomLeftRadius": 0,
        "borderBottomRightRadius": 0,
        "borderTopLeftRadius": 8,
        "borderTopRightRadius": 8,
        "flexDirection": "row",
        "height": 55,
        "justifyContent": "space-between",
        "paddingHorizontal": 16,
      }
    }
  >
    <Text
      numberOfLines={1}
      style={
        [
          {
            "fontSize": 16,
            "fontWeight": "400",
            "lineHeight": 24,
          },
        ]
      }
    >
      user1
    </Text>
    <Text
      style={
        [
          {
            "fontSize": 16,
            "fontWeight": "400",
            "lineHeight": 24,
          },
        ]
      }
    >
      $10.00
    </Text>
  </View>
  <View
    style={
      {
        "alignItems": "center",
        "backgroundColor": "white",
        "borderBottomLeftRadius": 8,
        "borderBottomRightRadius": 8,
        "borderTopLeftRadius": 0,
        "borderTopRightRadius": 0,
        "flexDirection": "row",
        "height": 55,
        "justifyContent": "space-between",
        "paddingHorizontal": 16,
      }
    }
  >
    <Text
      numberOfLines={1}
      style={
        [
          {
            "fontSize": 16,
            "fontWeight": "400",
            "lineHeight": 24,
          },
        ]
      }
    >
      user2
    </Text>
    <Text
      style={
        [
          {
            "fontSize": 16,
            "fontWeight": "400",
            "lineHeight": 24,
          },
        ]
      }
    >
      $10.00
    </Text>
  </View>
</View>
`;
