// Jest Snapshot v1, https://goo.gl/fbAQLP

exports[`ReceiptSplit ReceiptSplitInput renders correctly 1`] = `
<View
  style={
    {
      "backgroundColor": "white",
      "borderRadius": 4,
      "flex": 1,
    }
  }
>
  <View
    style={
      {
        "borderBottomWidth": 1,
        "borderColor": "hsl(0, 0%, 80%)",
        "gap": 8,
        "padding": 12,
      }
    }
  >
    <View
      style={
        {
          "display": "flex",
          "flexDirection": "row",
          "justifyContent": "space-between",
        }
      }
    >
      <Text
        numberOfLines={1}
        style={
          [
            {
              "fontSize": 16,
              "fontWeight": "400",
              "lineHeight": 24,
            },
          ]
        }
      >
        user1
      </Text>
      <Text
        style={
          [
            {
              "fontSize": 16,
              "fontWeight": "400",
              "lineHeight": 24,
            },
          ]
        }
      >
        $10.00
      </Text>
    </View>
    <View
      style={
        {
          "display": "flex",
          "flexDirection": "row",
          "justifyContent": "space-between",
        }
      }
    >
      <Text
        numberOfLines={1}
        style={
          [
            {
              "fontSize": 16,
              "fontWeight": "400",
              "lineHeight": 24,
            },
          ]
        }
      >
        user2
      </Text>
      <Text
        style={
          [
            {
              "fontSize": 16,
              "fontWeight": "400",
              "lineHeight": 24,
            },
          ]
        }
      >
        $0.00
      </Text>
    </View>
  </View>
  <View
    style={
      {
        "gap": 8,
        "padding": 12,
      }
    }
  >
    <View
      style={
        {
          "gap": 8,
        }
      }
    >
      <View
        style={
          {
            "alignItems": "center",
            "flex": 1,
            "flexDirection": "row",
            "justifyContent": "space-between",
          }
        }
      >
        <View>
          <Text
            style={
              [
                {
                  "fontSize": 16,
                  "fontWeight": "400",
                  "lineHeight": 24,
                },
              ]
            }
          >
            Item 1
          </Text>
          <Text
            style={
              [
                {
                  "fontSize": 14,
                  "fontWeight": "400",
                  "lineHeight": 20,
                },
                {
                  "color": "hsl(0, 0%, 40%)",
                },
              ]
            }
          >
            Item_1
          </Text>
        </View>
        <Text
          style={
            [
              {
                "fontSize": 16,
                "fontWeight": "400",
                "lineHeight": 24,
              },
            ]
          }
        >
          $10.00
        </Text>
      </View>
      <View
        style={
          {
            "flex": 1,
            "flexDirection": "row",
            "gap": 8,
          }
        }
      >
        <View
          accessibilityState={
            {
              "busy": undefined,
              "checked": undefined,
              "disabled": undefined,
              "expanded": undefined,
              "selected": undefined,
            }
          }
          accessibilityValue={
            {
              "max": undefined,
              "min": undefined,
              "now": undefined,
              "text": undefined,
            }
          }
          accessible={true}
          collapsable={false}
          focusable={true}
          onBlur={[Function]}
          onClick={[Function]}
          onFocus={[Function]}
          onResponderGrant={[Function]}
          onResponderMove={[Function]}
          onResponderRelease={[Function]}
          onResponderTerminate={[Function]}
          onResponderTerminationRequest={[Function]}
          onStartShouldSetResponder={[Function]}
          style={
            {
              "backgroundColor": "hsl(200, 100%, 90%)",
              "borderRadius": 8,
              "padding": 8,
            }
          }
        >
          <Text
            style={
              [
                {
                  "fontSize": 16,
                  "fontWeight": "400",
                  "lineHeight": 24,
                },
              ]
            }
          >
            user1
          </Text>
        </View>
        <View
          accessibilityState={
            {
              "busy": undefined,
              "checked": undefined,
              "disabled": undefined,
              "expanded": undefined,
              "selected": undefined,
            }
          }
          accessibilityValue={
            {
              "max": undefined,
              "min": undefined,
              "now": undefined,
              "text": undefined,
            }
          }
          accessible={true}
          collapsable={false}
          focusable={true}
          onBlur={[Function]}
          onClick={[Function]}
          onFocus={[Function]}
          onResponderGrant={[Function]}
          onResponderMove={[Function]}
          onResponderRelease={[Function]}
          onResponderTerminate={[Function]}
          onResponderTerminationRequest={[Function]}
          onStartShouldSetResponder={[Function]}
          style={
            {
              "backgroundColor": "hsl(0, 0%, 90%)",
              "borderRadius": 8,
              "padding": 8,
            }
          }
        >
          <Text
            style={
              [
                {
                  "fontSize": 16,
                  "fontWeight": "400",
                  "lineHeight": 24,
                },
              ]
            }
          >
            user2
          </Text>
        </View>
      </View>
    </View>
    <View
      style={
        {
          "gap": 8,
        }
      }
    >
      <View
        style={
          {
            "alignItems": "center",
            "flex": 1,
            "flexDirection": "row",
            "justifyContent": "space-between",
          }
        }
      >
        <View>
          <Text
            style={
              [
                {
                  "fontSize": 16,
                  "fontWeight": "400",
                  "lineHeight": 24,
                },
              ]
            }
          >
            Item 2
          </Text>
          <Text
            style={
              [
                {
                  "fontSize": 14,
                  "fontWeight": "400",
                  "lineHeight": 20,
                },
                {
                  "color": "hsl(0, 0%, 40%)",
                },
              ]
            }
          >
            Item_2
          </Text>
        </View>
        <Text
          style={
            [
              {
                "fontSize": 16,
                "fontWeight": "400",
                "lineHeight": 24,
              },
            ]
          }
        >
          $20.00
        </Text>
      </View>
      <View
        style={
          {
            "flex": 1,
            "flexDirection": "row",
            "gap": 8,
          }
        }
      >
        <View
          accessibilityState={
            {
              "busy": undefined,
              "checked": undefined,
              "disabled": undefined,
              "expanded": undefined,
              "selected": undefined,
            }
          }
          accessibilityValue={
            {
              "max": undefined,
              "min": undefined,
              "now": undefined,
              "text": undefined,
            }
          }
          accessible={true}
          collapsable={false}
          focusable={true}
          onBlur={[Function]}
          onClick={[Function]}
          onFocus={[Function]}
          onResponderGrant={[Function]}
          onResponderMove={[Function]}
          onResponderRelease={[Function]}
          onResponderTerminate={[Function]}
          onResponderTerminationRequest={[Function]}
          onStartShouldSetResponder={[Function]}
          style={
            {
              "backgroundColor": "hsl(0, 0%, 90%)",
              "borderRadius": 8,
              "padding": 8,
            }
          }
        >
          <Text
            style={
              [
                {
                  "fontSize": 16,
                  "fontWeight": "400",
                  "lineHeight": 24,
                },
              ]
            }
          >
            user1
          </Text>
        </View>
        <View
          accessibilityState={
            {
              "busy": undefined,
              "checked": undefined,
              "disabled": undefined,
              "expanded": undefined,
              "selected": undefined,
            }
          }
          accessibilityValue={
            {
              "max": undefined,
              "min": undefined,
              "now": undefined,
              "text": undefined,
            }
          }
          accessible={true}
          collapsable={false}
          focusable={true}
          onBlur={[Function]}
          onClick={[Function]}
          onFocus={[Function]}
          onResponderGrant={[Function]}
          onResponderMove={[Function]}
          onResponderRelease={[Function]}
          onResponderTerminate={[Function]}
          onResponderTerminationRequest={[Function]}
          onStartShouldSetResponder={[Function]}
          style={
            {
              "backgroundColor": "hsl(0, 0%, 90%)",
              "borderRadius": 8,
              "padding": 8,
            }
          }
        >
          <Text
            style={
              [
                {
                  "fontSize": 16,
                  "fontWeight": "400",
                  "lineHeight": 24,
                },
              ]
            }
          >
            user2
          </Text>
        </View>
      </View>
    </View>
  </View>
</View>
`;
