// Jest Snapshot v1, https://goo.gl/fbAQLP

exports[`SplitInput SplitInput component renders correctly 1`] = `
<View
  style={
    {
      "gap": 8,
    }
  }
>
  <Text
    style={
      [
        {
          "fontSize": 16,
          "fontWeight": "500",
          "lineHeight": 24,
        },
        [
          {
            "marginBottom": 2,
            "textTransform": "uppercase",
          },
          undefined,
        ],
      ]
    }
  >
    Partager la dépense
  </Text>
  <View
    style={
      [
        {
          "flexDirection": "row",
          "gap": 8,
        },
        {
          "justifyContent": "center",
        },
      ]
    }
  >
    <View
      accessibilityLabel="Également"
      accessibilityRole="button"
      accessibilityState={
        {
          "busy": undefined,
          "checked": undefined,
          "disabled": undefined,
          "expanded": undefined,
          "selected": undefined,
        }
      }
      accessibilityValue={
        {
          "max": undefined,
          "min": undefined,
          "now": undefined,
          "text": undefined,
        }
      }
      accessible={true}
      collapsable={false}
      focusable={true}
      onBlur={[Function]}
      onClick={[Function]}
      onFocus={[Function]}
      onResponderGrant={[Function]}
      onResponderMove={[Function]}
      onResponderRelease={[Function]}
      onResponderTerminate={[Function]}
      onResponderTerminationRequest={[Function]}
      onStartShouldSetResponder={[Function]}
      style={
        {
          "backgroundColor": "hsl(200, 50%, 80%)",
          "borderRadius": 16,
          "padding": 8,
        }
      }
    >
      <Text
        style={
          [
            {
              "fontSize": 14,
              "fontWeight": "400",
              "lineHeight": 20,
            },
          ]
        }
      >
        Également
      </Text>
    </View>
    <View
      accessibilityLabel="Pourcentage"
      accessibilityRole="button"
      accessibilityState={
        {
          "busy": undefined,
          "checked": undefined,
          "disabled": undefined,
          "expanded": undefined,
          "selected": undefined,
        }
      }
      accessibilityValue={
        {
          "max": undefined,
          "min": undefined,
          "now": undefined,
          "text": undefined,
        }
      }
      accessible={true}
      collapsable={false}
      focusable={true}
      onBlur={[Function]}
      onClick={[Function]}
      onFocus={[Function]}
      onResponderGrant={[Function]}
      onResponderMove={[Function]}
      onResponderRelease={[Function]}
      onResponderTerminate={[Function]}
      onResponderTerminationRequest={[Function]}
      onStartShouldSetResponder={[Function]}
      style={
        {
          "backgroundColor": "hsl(0, 0%, 90%)",
          "borderRadius": 16,
          "padding": 8,
        }
      }
    >
      <Text
        style={
          [
            {
              "fontSize": 14,
              "fontWeight": "400",
              "lineHeight": 20,
            },
          ]
        }
      >
        Pourcentage
      </Text>
    </View>
    <View
      accessibilityLabel="Montant"
      accessibilityRole="button"
      accessibilityState={
        {
          "busy": undefined,
          "checked": undefined,
          "disabled": undefined,
          "expanded": undefined,
          "selected": undefined,
        }
      }
      accessibilityValue={
        {
          "max": undefined,
          "min": undefined,
          "now": undefined,
          "text": undefined,
        }
      }
      accessible={true}
      collapsable={false}
      focusable={true}
      onBlur={[Function]}
      onClick={[Function]}
      onFocus={[Function]}
      onResponderGrant={[Function]}
      onResponderMove={[Function]}
      onResponderRelease={[Function]}
      onResponderTerminate={[Function]}
      onResponderTerminationRequest={[Function]}
      onStartShouldSetResponder={[Function]}
      style={
        {
          "backgroundColor": "hsl(0, 0%, 90%)",
          "borderRadius": 16,
          "padding": 8,
        }
      }
    >
      <Text
        style={
          [
            {
              "fontSize": 14,
              "fontWeight": "400",
              "lineHeight": 20,
            },
          ]
        }
      >
        Montant
      </Text>
    </View>
  </View>
  <View
    style={
      [
        {
          "gap": 1,
        },
        undefined,
      ]
    }
  >
    <View
      style={
        {
          "alignItems": "center",
          "backgroundColor": "white",
          "borderBottomLeftRadius": 0,
          "borderBottomRightRadius": 0,
          "borderTopLeftRadius": 8,
          "borderTopRightRadius": 8,
          "flexDirection": "row",
          "height": 55,
          "justifyContent": "space-between",
          "paddingHorizontal": 16,
        }
      }
    >
      <Text
        numberOfLines={1}
        style={
          [
            {
              "fontSize": 16,
              "fontWeight": "400",
              "lineHeight": 24,
            },
          ]
        }
      >
        user1
      </Text>
      <Text
        style={
          [
            {
              "fontSize": 16,
              "fontWeight": "400",
              "lineHeight": 24,
            },
          ]
        }
      >
        $10.00
      </Text>
    </View>
    <View
      style={
        {
          "alignItems": "center",
          "backgroundColor": "white",
          "borderBottomLeftRadius": 8,
          "borderBottomRightRadius": 8,
          "borderTopLeftRadius": 0,
          "borderTopRightRadius": 0,
          "flexDirection": "row",
          "height": 55,
          "justifyContent": "space-between",
          "paddingHorizontal": 16,
        }
      }
    >
      <Text
        numberOfLines={1}
        style={
          [
            {
              "fontSize": 16,
              "fontWeight": "400",
              "lineHeight": 24,
            },
          ]
        }
      >
        user2
      </Text>
      <Text
        style={
          [
            {
              "fontSize": 16,
              "fontWeight": "400",
              "lineHeight": 24,
            },
          ]
        }
      >
        $10.00
      </Text>
    </View>
  </View>
</View>
`;
