// Jest Snapshot v1, https://goo.gl/fbAQLP

exports[`NewExpenseScreen should render correctly 1`] = `
<RNCSafeAreaProvider
  onInsetsChange={[Function]}
  style={
    [
      {
        "flex": 1,
      },
      undefined,
    ]
  }
>
  <RNCSafeAreaView
    edges={
      {
        "bottom": "additive",
        "left": "additive",
        "right": "additive",
        "top": "additive",
      }
    }
    style={
      {
        "flex": 1,
      }
    }
  >
    <RNCSafeAreaView
      edges={
        {
          "bottom": "additive",
          "left": "additive",
          "right": "additive",
          "top": "additive",
        }
      }
      style={
        [
          {
            "backgroundColor": "hsl(0 0% 94%)",
            "flex": 1,
            "padding": 8,
          },
          undefined,
        ]
      }
    >
      <View
        style={
          {
            "alignItems": "center",
            "flexDirection": "row",
            "marginBottom": 16,
          }
        }
      >
        <View
          accessibilityState={
            {
              "busy": undefined,
              "checked": undefined,
              "disabled": undefined,
              "expanded": undefined,
              "selected": undefined,
            }
          }
          accessibilityValue={
            {
              "max": undefined,
              "min": undefined,
              "now": undefined,
              "text": undefined,
            }
          }
          accessible={true}
          collapsable={false}
          focusable={true}
          onBlur={[Function]}
          onClick={[Function]}
          onFocus={[Function]}
          onResponderGrant={[Function]}
          onResponderMove={[Function]}
          onResponderRelease={[Function]}
          onResponderTerminate={[Function]}
          onResponderTerminationRequest={[Function]}
          onStartShouldSetResponder={[Function]}
          style={
            {
              "backgroundColor": "white",
              "borderRadius": 24,
              "padding": 8,
            }
          }
          testID="topbar-back-button"
        >
          <Text
            allowFontScaling={false}
            selectable={false}
            style={
              [
                {
                  "color": "hsl(0 0% 40%)",
                  "fontSize": 24,
                },
                undefined,
                {
                  "fontFamily": "ionicons",
                  "fontStyle": "normal",
                  "fontWeight": "normal",
                },
                {},
              ]
            }
          >
            
          </Text>
        </View>
        <Text
          style={
            [
              {
                "fontSize": 22,
                "fontWeight": "400",
                "lineHeight": 28,
              },
              {
                "marginLeft": 16,
              },
            ]
          }
        >
          Créer une dépense
        </Text>
        <View
          style={
            {
              "flexDirection": "row",
              "gap": 8,
              "marginLeft": "auto",
            }
          }
        >
          <View
            accessibilityState={
              {
                "busy": undefined,
                "checked": undefined,
                "disabled": undefined,
                "expanded": undefined,
                "selected": undefined,
              }
            }
            accessibilityValue={
              {
                "max": undefined,
                "min": undefined,
                "now": undefined,
                "text": undefined,
              }
            }
            accessible={true}
            collapsable={false}
            focusable={true}
            onBlur={[Function]}
            onClick={[Function]}
            onFocus={[Function]}
            onResponderGrant={[Function]}
            onResponderMove={[Function]}
            onResponderRelease={[Function]}
            onResponderTerminate={[Function]}
            onResponderTerminationRequest={[Function]}
            onStartShouldSetResponder={[Function]}
            style={
              {
                "backgroundColor": "white",
                "borderRadius": 24,
                "padding": 8,
              }
            }
          >
            <Text
              accessibilityLabel="Enregistrer"
              allowFontScaling={false}
              selectable={false}
              style={
                [
                  {
                    "color": "black",
                    "fontSize": 24,
                  },
                  undefined,
                  {
                    "fontFamily": "ionicons",
                    "fontStyle": "normal",
                    "fontWeight": "normal",
                  },
                  {},
                ]
              }
            >
              
            </Text>
          </View>
        </View>
      </View>
      <RCTScrollView
        alwaysBounceVertical={false}
        showsVerticalScrollIndicator={false}
      >
        <View>
          <View
            style={
              {
                "flex": 1,
                "gap": 16,
              }
            }
          >
            <View
              accessibilityRole="button"
              accessibilityState={
                {
                  "busy": undefined,
                  "checked": undefined,
                  "disabled": undefined,
                  "expanded": undefined,
                  "selected": undefined,
                }
              }
              accessibilityValue={
                {
                  "max": undefined,
                  "min": undefined,
                  "now": undefined,
                  "text": undefined,
                }
              }
              accessible={true}
              collapsable={false}
              focusable={true}
              onBlur={[Function]}
              onClick={[Function]}
              onFocus={[Function]}
              onResponderGrant={[Function]}
              onResponderMove={[Function]}
              onResponderRelease={[Function]}
              onResponderTerminate={[Function]}
              onResponderTerminationRequest={[Function]}
              onStartShouldSetResponder={[Function]}
              style={
                [
                  [
                    {
                      "alignItems": "center",
                      "borderRadius": 40,
                      "height": 40,
                      "justifyContent": "center",
                      "paddingHorizontal": 16,
                    },
                    {
                      "backgroundColor": "transparent",
                    },
                    undefined,
                  ],
                  {
                    "overflow": "hidden",
                  },
                ]
              }
            >
              <Text
                style={
                  [
                    {
                      "fontSize": 16,
                      "fontWeight": "400",
                      "lineHeight": 24,
                    },
                    {
                      "color": "hsl(200 40% 50%)",
                    },
                  ]
                }
              >
                Télécharger un reçu
              </Text>
            </View>
            <View
              style={
                {
                  "gap": 1,
                }
              }
            >
              <View
                style={
                  [
                    {
                      "alignItems": "center",
                      "backgroundColor": "#fff",
                      "borderRadius": 8,
                      "flexDirection": "row",
                      "height": 55,
                      "paddingHorizontal": 16,
                    },
                    {
                      "borderBottomLeftRadius": 0,
                      "borderBottomRightRadius": 0,
                    },
                  ]
                }
              >
                <Text
                  style={
                    [
                      {
                        "fontSize": 16,
                        "fontWeight": "400",
                        "lineHeight": 24,
                      },
                    ]
                  }
                >
                  Titre
                </Text>
                <View
                  style={
                    {
                      "flex": 1,
                      "justifyContent": "center",
                    }
                  }
                >
                  <TextInput
                    accessibilityLabel="Titre"
                    onChangeText={[Function]}
                    placeholderTextColor="#888"
                    style={
                      {
                        "flex": 1,
                        "fontSize": 16,
                        "paddingBottom": 0,
                        "paddingTop": 0,
                        "textAlign": "right",
                      }
                    }
                    value=""
                  />
                </View>
              </View>
              <View
                style={
                  [
                    {
                      "alignItems": "center",
                      "backgroundColor": "#fff",
                      "borderRadius": 8,
                      "flexDirection": "row",
                      "height": 55,
                      "paddingHorizontal": 16,
                    },
                    {
                      "borderTopLeftRadius": 0,
                      "borderTopRightRadius": 0,
                    },
                  ]
                }
              >
                <Text
                  style={
                    [
                      {
                        "fontSize": 16,
                        "fontWeight": "400",
                        "lineHeight": 24,
                      },
                    ]
                  }
                >
                  Montant
                </Text>
                <View
                  style={
                    {
                      "flex": 1,
                      "justifyContent": "center",
                    }
                  }
                >
                  <TextInput
                    accessibilityLabel="Montant"
                    keyboardType="numeric"
                    onChangeText={[Function]}
                    placeholder="0.00"
                    placeholderTextColor="#888"
                    style={
                      {
                        "flex": 1,
                        "fontSize": 16,
                        "paddingBottom": 0,
                        "paddingTop": 0,
                        "textAlign": "right",
                      }
                    }
                    testID="float-input"
                    value="0"
                  />
                </View>
                <View
                  style={
                    {
                      "marginLeft": 2,
                    }
                  }
                >
                  <Text
                    style={
                      [
                        {
                          "fontSize": 16,
                          "fontWeight": "400",
                          "lineHeight": 24,
                        },
                      ]
                    }
                  >
                    USD
                  </Text>
                </View>
              </View>
            </View>
            <View>
              <Text
                style={
                  [
                    {
                      "fontSize": 16,
                      "fontWeight": "500",
                      "lineHeight": 24,
                    },
                    [
                      {
                        "marginBottom": 2,
                        "textTransform": "uppercase",
                      },
                      undefined,
                    ],
                  ]
                }
              >
                Payé par
              </Text>
              <View
                style={
                  [
                    {
                      "flexDirection": "row",
                      "gap": 8,
                    },
                    {
                      "justifyContent": "center",
                    },
                  ]
                }
              >
                <View
                  accessibilityLabel="Alice"
                  accessibilityRole="button"
                  accessibilityState={
                    {
                      "busy": undefined,
                      "checked": undefined,
                      "disabled": undefined,
                      "expanded": undefined,
                      "selected": undefined,
                    }
                  }
                  accessibilityValue={
                    {
                      "max": undefined,
                      "min": undefined,
                      "now": undefined,
                      "text": undefined,
                    }
                  }
                  accessible={true}
                  collapsable={false}
                  focusable={true}
                  onBlur={[Function]}
                  onClick={[Function]}
                  onFocus={[Function]}
                  onResponderGrant={[Function]}
                  onResponderMove={[Function]}
                  onResponderRelease={[Function]}
                  onResponderTerminate={[Function]}
                  onResponderTerminationRequest={[Function]}
                  onStartShouldSetResponder={[Function]}
                  style={
                    {
                      "backgroundColor": "hsl(200, 50%, 80%)",
                      "borderRadius": 16,
                      "padding": 8,
                    }
                  }
                >
                  <Text
                    style={
                      [
                        {
                          "fontSize": 14,
                          "fontWeight": "400",
                          "lineHeight": 20,
                        },
                      ]
                    }
                  >
                    Alice
                  </Text>
                </View>
                <View
                  accessibilityLabel="Bob"
                  accessibilityRole="button"
                  accessibilityState={
                    {
                      "busy": undefined,
                      "checked": undefined,
                      "disabled": undefined,
                      "expanded": undefined,
                      "selected": undefined,
                    }
                  }
                  accessibilityValue={
                    {
                      "max": undefined,
                      "min": undefined,
                      "now": undefined,
                      "text": undefined,
                    }
                  }
                  accessible={true}
                  collapsable={false}
                  focusable={true}
                  onBlur={[Function]}
                  onClick={[Function]}
                  onFocus={[Function]}
                  onResponderGrant={[Function]}
                  onResponderMove={[Function]}
                  onResponderRelease={[Function]}
                  onResponderTerminate={[Function]}
                  onResponderTerminationRequest={[Function]}
                  onStartShouldSetResponder={[Function]}
                  style={
                    {
                      "backgroundColor": "hsl(0, 0%, 90%)",
                      "borderRadius": 16,
                      "padding": 8,
                    }
                  }
                >
                  <Text
                    style={
                      [
                        {
                          "fontSize": 14,
                          "fontWeight": "400",
                          "lineHeight": 20,
                        },
                      ]
                    }
                  >
                    Bob
                  </Text>
                </View>
              </View>
            </View>
            <View>
              <View
                style={
                  {
                    "gap": 8,
                  }
                }
              >
                <Text
                  style={
                    [
                      {
                        "fontSize": 16,
                        "fontWeight": "500",
                        "lineHeight": 24,
                      },
                      [
                        {
                          "marginBottom": 2,
                          "textTransform": "uppercase",
                        },
                        undefined,
                      ],
                    ]
                  }
                >
                  Partager la dépense
                </Text>
                <View
                  style={
                    [
                      {
                        "flexDirection": "row",
                        "gap": 8,
                      },
                      {
                        "justifyContent": "center",
                      },
                    ]
                  }
                >
                  <View
                    accessibilityLabel="Également"
                    accessibilityRole="button"
                    accessibilityState={
                      {
                        "busy": undefined,
                        "checked": undefined,
                        "disabled": undefined,
                        "expanded": undefined,
                        "selected": undefined,
                      }
                    }
                    accessibilityValue={
                      {
                        "max": undefined,
                        "min": undefined,
                        "now": undefined,
                        "text": undefined,
                      }
                    }
                    accessible={true}
                    collapsable={false}
                    focusable={true}
                    onBlur={[Function]}
                    onClick={[Function]}
                    onFocus={[Function]}
                    onResponderGrant={[Function]}
                    onResponderMove={[Function]}
                    onResponderRelease={[Function]}
                    onResponderTerminate={[Function]}
                    onResponderTerminationRequest={[Function]}
                    onStartShouldSetResponder={[Function]}
                    style={
                      {
                        "backgroundColor": "hsl(200, 50%, 80%)",
                        "borderRadius": 16,
                        "padding": 8,
                      }
                    }
                  >
                    <Text
                      style={
                        [
                          {
                            "fontSize": 14,
                            "fontWeight": "400",
                            "lineHeight": 20,
                          },
                        ]
                      }
                    >
                      Également
                    </Text>
                  </View>
                  <View
                    accessibilityLabel="Pourcentage"
                    accessibilityRole="button"
                    accessibilityState={
                      {
                        "busy": undefined,
                        "checked": undefined,
                        "disabled": undefined,
                        "expanded": undefined,
                        "selected": undefined,
                      }
                    }
                    accessibilityValue={
                      {
                        "max": undefined,
                        "min": undefined,
                        "now": undefined,
                        "text": undefined,
                      }
                    }
                    accessible={true}
                    collapsable={false}
                    focusable={true}
                    onBlur={[Function]}
                    onClick={[Function]}
                    onFocus={[Function]}
                    onResponderGrant={[Function]}
                    onResponderMove={[Function]}
                    onResponderRelease={[Function]}
                    onResponderTerminate={[Function]}
                    onResponderTerminationRequest={[Function]}
                    onStartShouldSetResponder={[Function]}
                    style={
                      {
                        "backgroundColor": "hsl(0, 0%, 90%)",
                        "borderRadius": 16,
                        "padding": 8,
                      }
                    }
                  >
                    <Text
                      style={
                        [
                          {
                            "fontSize": 14,
                            "fontWeight": "400",
                            "lineHeight": 20,
                          },
                        ]
                      }
                    >
                      Pourcentage
                    </Text>
                  </View>
                  <View
                    accessibilityLabel="Montant"
                    accessibilityRole="button"
                    accessibilityState={
                      {
                        "busy": undefined,
                        "checked": undefined,
                        "disabled": undefined,
                        "expanded": undefined,
                        "selected": undefined,
                      }
                    }
                    accessibilityValue={
                      {
                        "max": undefined,
                        "min": undefined,
                        "now": undefined,
                        "text": undefined,
                      }
                    }
                    accessible={true}
                    collapsable={false}
                    focusable={true}
                    onBlur={[Function]}
                    onClick={[Function]}
                    onFocus={[Function]}
                    onResponderGrant={[Function]}
                    onResponderMove={[Function]}
                    onResponderRelease={[Function]}
                    onResponderTerminate={[Function]}
                    onResponderTerminationRequest={[Function]}
                    onStartShouldSetResponder={[Function]}
                    style={
                      {
                        "backgroundColor": "hsl(0, 0%, 90%)",
                        "borderRadius": 16,
                        "padding": 8,
                      }
                    }
                  >
                    <Text
                      style={
                        [
                          {
                            "fontSize": 14,
                            "fontWeight": "400",
                            "lineHeight": 20,
                          },
                        ]
                      }
                    >
                      Montant
                    </Text>
                  </View>
                </View>
                <View
                  style={
                    [
                      {
                        "gap": 1,
                      },
                      undefined,
                    ]
                  }
                >
                  <View
                    style={
                      {
                        "alignItems": "center",
                        "backgroundColor": "white",
                        "borderBottomLeftRadius": 0,
                        "borderBottomRightRadius": 0,
                        "borderTopLeftRadius": 8,
                        "borderTopRightRadius": 8,
                        "flexDirection": "row",
                        "height": 55,
                        "justifyContent": "space-between",
                        "paddingHorizontal": 16,
                      }
                    }
                  >
                    <Text
                      numberOfLines={1}
                      style={
                        [
                          {
                            "fontSize": 16,
                            "fontWeight": "400",
                            "lineHeight": 24,
                          },
                        ]
                      }
                    >
                      Alice
                    </Text>
                    <Text
                      style={
                        [
                          {
                            "fontSize": 16,
                            "fontWeight": "400",
                            "lineHeight": 24,
                          },
                        ]
                      }
                    >
                      $0.00
                    </Text>
                  </View>
                  <View
                    style={
                      {
                        "alignItems": "center",
                        "backgroundColor": "white",
                        "borderBottomLeftRadius": 8,
                        "borderBottomRightRadius": 8,
                        "borderTopLeftRadius": 0,
                        "borderTopRightRadius": 0,
                        "flexDirection": "row",
                        "height": 55,
                        "justifyContent": "space-between",
                        "paddingHorizontal": 16,
                      }
                    }
                  >
                    <Text
                      numberOfLines={1}
                      style={
                        [
                          {
                            "fontSize": 16,
                            "fontWeight": "400",
                            "lineHeight": 24,
                          },
                        ]
                      }
                    >
                      Bob
                    </Text>
                    <Text
                      style={
                        [
                          {
                            "fontSize": 16,
                            "fontWeight": "400",
                            "lineHeight": 24,
                          },
                        ]
                      }
                    >
                      $0.00
                    </Text>
                  </View>
                </View>
              </View>
            </View>
          </View>
        </View>
      </RCTScrollView>
    </RNCSafeAreaView>
  </RNCSafeAreaView>
</RNCSafeAreaProvider>
`;
