// Jest Snapshot v1, https://goo.gl/fbAQLP

exports[`Screen renders correctly 1`] = `
<RNCSafeAreaView
  edges={
    {
      "bottom": "additive",
      "left": "additive",
      "right": "additive",
      "top": "additive",
    }
  }
  style={
    [
      {
        "backgroundColor": "hsl(200 15% 90%)",
        "flex": 1,
        "padding": 8,
      },
      undefined,
    ]
  }
>
  <Text>
    Test Content
  </Text>
</RNCSafeAreaView>
`;
